// Jest Snapshot v1, https://goo.gl/fbAQLP

exports[`Pruebas en <FirstApp /> debe de hacer match con el snapshot 1`] = `
<div>
  <div
    data-testid="test-title"
  >
    Hola, Soy Goku
  </div>
  <p>
    no hay subtitle
  </p>
  <p>
    no hay subtitle
  </p>
  <p>
    Jordan
  </p>
</div>
`;
